<area shape="rect" href="$AES__driver_8c.html#128cc1911509b9e1571aaa6df6b33c7e" title="Polled function that does AES CBC decryption on a given number of 128&#45;bit data block..." alt="" coords="127,5,263,32">
<area shape="rect" href="$AES__driver_8c.html#0e8bb9f33e6152d576e5e40d3c8fd9d4" title="Polled function that does AES CBC encryption on a given number of 128&#45;bit data block..." alt="" coords="127,56,263,83">
<area shape="rect" href="$AES__driver_8c.html#57475a21d27492f2f1b7ab1d230937e6" title="Polled function that does an AES decryption on one 128&#45;bit data block." alt="" coords="144,107,245,133">
<area shape="rect" href="$AES__driver_8c.html#15f1854a578e304f0a4a6883467cda31" title="Polled function that does an AES encryption on one 128&#45;bit data block." alt="" coords="144,157,245,184">
<area shape="rect" href="$AES__driver_8c.html#db577ab628195f24357b2930b589ab10" title="Polled function that generates the last subkey of the Expanded Key needed during..." alt="" coords="105,208,284,235">
